Microchip MPLAB XC8 Compiler V2.41

Linker command line:

-W-3 \
  --edf=E:/MPLAB/packs/Microchip/PIC18Fxxxx_DFP/1.4.151/xc8\pic\dat\20230323171731_en.msgs \
  -cn -h+dist/default/debug\PIC_Drivers.X.debug.sym \
  --cmf=dist/default/debug\PIC_Drivers.X.debug.cmf -z -Q18F4620 \
  -oC:\Users\AHMEDS~1\AppData\Local\Temp\xcAs84s.\driver_tmp_3.o \
  --defsym=__MPLAB_BUILD=1 --fixupoverflow=error \
  -Mdist/default/debug/PIC_Drivers.X.debug.map \
  --md=C:\Users\AHMEDS~1\AppData\Local\Temp\xcAs84s.\driver_tmp_0.dat -E1 \
  -ver=XC8 Compiler --acfsm=1493 -ACODE=00h-0FFFFh -ACONST=00h-0FFFFh \
  -ASMALLCONST=01000h-010FFhx240 -AMEDIUMCONST=01000h-0FFFFh \
  -ACOMRAM=01h-07Fh -AABS1=00h-0F7Fh -ABIGRAM=01h-0F7Fh \
  -ARAM=080h-0FFh,0100h-01FFhx14,0F00h-0F7Fh -ABANK0=080h-0FFh \
  -ABANK1=0100h-01FFh -ABANK2=0200h-02FFh -ABANK3=0300h-03FFh \
  -ABANK4=0400h-04FFh -ABANK5=0500h-05FFh -ABANK6=0600h-06FFh \
  -ABANK7=0700h-07FFh -ABANK8=0800h-08FFh -ABANK9=0900h-09FFh \
  -ABANK10=0A00h-0AFFh -ABANK11=0B00h-0BFFh -ABANK12=0C00h-0CFFh \
  -ABANK13=0D00h-0DFFh -ABANK14=0E00h-0EFFh -ABANK15=0F00h-0F7Fh \
  -ASFR=0F80h-0FFFh -ABIGSFR=0F80h-0FFFh -ACONFIG=0300000h-030000Dh \
  -AIDLOC=0200000h-0200007h -AEEDATA=0F00000h-0F003FFh -peeprom_data=EEDATA \
  -preset_vec=00h,intcode,intcodelo,powerup,init -pramtop=01000h \
  -psmallconst=SMALLCONST -pmediumconst=MEDIUMCONST -pconst=CONST \
  -AFARRAM=00h-00h \
  -prdata=COMRAM,nvrram=COMRAM,nvbit=COMRAM,rbss=COMRAM,rbit=COMRAM \
  -pfarbss=FARRAM,fardata=FARRAM,nvFARRAM=FARRAM \
  -pintsave_regs=BIGRAM,bigbss=BIGRAM,bigdata=BIGRAM -pbss=RAM \
  -pidata=CODE,irdata=CODE,ibigdata=CODE,ifardata=CODE -prparam=COMRAM \
  C:\Users\AHMEDS~1\AppData\Local\Temp\xcAs84s.\driver_tmp_9.o \
  dist/default/debug\PIC_Drivers.X.debug.o 

Object code version is 3.11

Machine type is 18F4620



                Name                               Link     Load   Length Selector   Space Scale
C:\Users\AHMEDS~1\AppData\Local\Temp\xcAs84s.\driver_tmp_9.o
                config                           300000   300000        E        0       4
                init                                  0        0        4        0       0
dist/default/debug\PIC_Drivers.X.debug.o
                config                           300000   300000        E        0       4
                text10                             FEBC     FEBC      144     7F5E       0
                text9                              F8B6     F8B6       2C     7C5B       0
                text8                              FD90     FD90      12C     7EC8       0
                text7                              F946     F946       66     7CA3       0
                text6                              FA26     FA26       7C     7D13       0
                text5                              F9AC     F9AC       7A     7CD6       0
                text4                              FC1E     FC1E       92     7E0F       0
                text3                              FAA2     FAA2       7C     7D51       0
                text2                              FB1E     FB1E       80     7D8F       0
                text1                              FB9E     FB9E       80     7DCF       0
                text0                              FCB0     FCB0       E0     7E58       0
                cstackCOMRAM                         2E       2E       15        1       1
                dataCOMRAM                            1        1       2D        1       1
                bssCOMRAM                            43       43        9        1       1
                cinit                              F910     F910       36     7C88       0
                nvCOMRAM                             4C       4C        1        1       1
                idataCOMRAM                        F8E3     F8E3       2D     F8E3       0

TOTAL           Name                               Link     Load   Length     Space
        CLASS   CODE           
                init                                  0        0        4         0
                text10                             FEBC     FEBC      144         0
                text9                              F8B6     F8B6       2C         0
                text8                              FD90     FD90      12C         0
                text7                              F946     F946       66         0
                text6                              FA26     FA26       7C         0
                text5                              F9AC     F9AC       7A         0
                text4                              FC1E     FC1E       92         0
                text3                              FAA2     FAA2       7C         0
                text2                              FB1E     FB1E       80         0
                text1                              FB9E     FB9E       80         0
                text0                              FCB0     FCB0       E0         0
                cinit                              F910     F910       36         0
                idataCOMRAM                        F8E3     F8E3       2D         0

        CLASS   CONST          

        CLASS   SMALLCONST     

        CLASS   MEDIUMCONST    

        CLASS   COMRAM         
                cstackCOMRAM                         2E       2E       15         1
                dataCOMRAM                            1        1       2D         1
                bssCOMRAM                            43       43        9         1
                nvCOMRAM                             4C       4C        1         1

        CLASS   ABS1           

        CLASS   BIGRAM         

        CLASS   RAM            

        CLASS   BANK0          

        CLASS   BANK1          

        CLASS   BANK2          

        CLASS   BANK3          

        CLASS   BANK4          

        CLASS   BANK5          

        CLASS   BANK6          

        CLASS   BANK7          

        CLASS   BANK8          

        CLASS   BANK9          

        CLASS   BANK10         

        CLASS   BANK11         

        CLASS   BANK12         

        CLASS   BANK13         

        CLASS   BANK14         

        CLASS   BANK15         

        CLASS   SFR            

        CLASS   BIGSFR         

        CLASS   CONFIG         
                config                           300000   300000        E         4

        CLASS   IDLOC          

        CLASS   EEDATA         

        CLASS   FARRAM         

        CLASS   HEAP           

        CLASS   STACK          



SEGMENTS        Name                           Load    Length   Top    Selector   Space  Class

                reset_vec                      000000  000004  000004         0       0  CODE    
                dataCOMRAM                     000001  00004C  00004D         1       1  COMRAM  
                text9                          00F8B6  00002C  00F8E2      7C5B       0  CODE    
                idataCOMRAM                    00F8E3  00002D  00F910      F8E3       0  CODE    
                cinit                          00F910  000036  00F946      7C88       0  CODE    
                text7                          00F946  000066  00F9AC      7CA3       0  CODE    
                text5                          00F9AC  00007A  00FA26      7CD6       0  CODE    
                text6                          00FA26  00007C  00FAA2      7D13       0  CODE    
                text3                          00FAA2  00007C  00FB1E      7D51       0  CODE    
                text2                          00FB1E  000080  00FB9E      7D8F       0  CODE    
                text1                          00FB9E  000080  00FC1E      7DCF       0  CODE    
                text4                          00FC1E  000092  00FCB0      7E0F       0  CODE    
                text0                          00FCB0  0000E0  00FD90      7E58       0  CODE    
                text8                          00FD90  00012C  00FEBC      7EC8       0  CODE    
                text10                         00FEBC  000144  010000      7F5E       0  CODE    


UNUSED ADDRESS RANGES

        Name                Unused          Largest block    Delta
        BANK0            000080-0000FF               80
        BANK1            000100-0001FF              100
        BANK10           000A00-000AFF              100
        BANK11           000B00-000BFF              100
        BANK12           000C00-000CFF              100
        BANK13           000D00-000DFF              100
        BANK14           000E00-000EFF              100
        BANK15           000F00-000F7F               80
        BANK2            000200-0002FF              100
        BANK3            000300-0003FF              100
        BANK4            000400-0004FF              100
        BANK5            000500-0005FF              100
        BANK6            000600-0006FF              100
        BANK7            000700-0007FF              100
        BANK8            000800-0008FF              100
        BANK9            000900-0009FF              100
        BIGRAM           00004D-000F7F              F33
        BIGSFR           000F80-000FFF               80
        CODE             000004-00F8B5             F8B2
                         00F8E2-00F8E2                1
        COMRAM           00004D-00007F               33
        CONST            000004-00F8B5             F8B2
                         00F8E2-00F8E2                1
        EEDATA           F00000-F003FF              400
        IDLOC            200000-200007                8
        MEDIUMCONST      001000-00F8B5             E8B6
                         00F8E2-00F8E2                1
        RAM              000080-000F7F              100
        SFR              000F80-000FFF               80
        SMALLCONST       001000-00F8B5              100
                         00F8E2-00F8E2                1

                                  Symbol Table

_BUTTON2                            dataCOMRAM   00001F
_LATA                               (abs)        000F89
_LATB                               (abs)        000F8A
_LATC                               (abs)        000F8B
_LATD                               (abs)        000F8C
_LATE                               (abs)        000F8D
_LAT_Registers                      dataCOMRAM   00000B
_PORTA                              (abs)        000F80
_PORTB                              (abs)        000F81
_PORTC                              (abs)        000F82
_PORTD                              (abs)        000F83
_PORTE                              (abs)        000F84
_PORT_Registers                     dataCOMRAM   000001
_TRISA                              (abs)        000F92
_TRISB                              (abs)        000F93
_TRISC                              (abs)        000F94
_TRISD                              (abs)        000F95
_TRISE                              (abs)        000F96
_TRIS_Registers                     dataCOMRAM   000015
__HRAM                              (abs)        000000
__H__absolute__                     __absolute__ 000000
__Habs1                             abs1         000000
__Hbank0                            bank0        000000
__Hbank1                            bank1        000000
__Hbank10                           bank10       000000
__Hbank11                           bank11       000000
__Hbank12                           bank12       000000
__Hbank13                           bank13       000000
__Hbank14                           bank14       000000
__Hbank15                           bank15       000000
__Hbank2                            bank2        000000
__Hbank3                            bank3        000000
__Hbank4                            bank4        000000
__Hbank5                            bank5        000000
__Hbank6                            bank6        000000
__Hbank7                            bank7        000000
__Hbank8                            bank8        000000
__Hbank9                            bank9        000000
__Hbigbss                           bigbss       000000
__Hbigdata                          bigdata      000000
__Hbigram                           bigram       000000
__Hbigsfr                           bigsfr       000000
__Hbss                              bss          000000
__HbssCOMRAM                        bssCOMRAM    000000
__Hcinit                            cinit        000000
__Hclrtext                          clrtext      000000
__Hcomram                           comram       000000
__Hconfig                           config       30000E
__Hconst                            const        000000
__HcstackCOMRAM                     cstackCOMRAM 000000
__Hdata                             data         000000
__HdataCOMRAM                       dataCOMRAM   000000
__Heeprom_data                      eeprom_data  000000
__Hfarbss                           farbss       000000
__Hfardata                          fardata      000000
__Hheap                             heap         000000
__Hibigdata                         ibigdata     000000
__Hidata                            idata        000000
__HidataCOMRAM                      idataCOMRAM  000000
__Hidloc                            idloc        000000
__Hifardata                         ifardata     000000
__Hinit                             init         000004
__Hintcode                          intcode      000000
__Hintcode_body                     intcode_body 000000
__Hintcodelo                        intcodelo    000000
__Hintentry                         intentry     000000
__Hintret                           intret       000000
__Hintsave_regs                     intsave_regs 000000
__Hirdata                           irdata       000000
__Hmediumconst                      mediumconst  000000
__HnvCOMRAM                         nvCOMRAM     000000
__HnvFARRAM                         nvFARRAM     000000
__Hnvbit                            nvbit        000000
__Hnvrram                           nvrram       000000
__Hparam                            rparam       000000
__Hpowerup                          powerup      000000
__Hram                              ram          000000
__Hramtop                           ramtop       001000
__Hrbit                             rbit         000000
__Hrbss                             rbss         000000
__Hrdata                            rdata        000000
__Hreset_vec                        reset_vec    000000
__Hrparam                           rparam       000000
__Hsfr                              sfr          000000
__Hsmallconst                       smallconst   000000
__Hspace_0                          (abs)        010000
__Hspace_1                          (abs)        00004D
__Hspace_2                          (abs)        000000
__Hspace_4                          (abs)        60000E
__Hstack                            stack        000000
__Hstruct                           struct       000000
__Htemp                             temp         000000
__Htext                             text         000000
__Htext0                            text0        000000
__Htext1                            text1        000000
__Htext10                           text10       000000
__Htext2                            text2        000000
__Htext3                            text3        000000
__Htext4                            text4        000000
__Htext5                            text5        000000
__Htext6                            text6        000000
__Htext7                            text7        000000
__Htext8                            text8        000000
__Htext9                            text9        000000
__LRAM                              (abs)        000001
__L__absolute__                     __absolute__ 000000
__Labs1                             abs1         000000
__Lbank0                            bank0        000000
__Lbank1                            bank1        000000
__Lbank10                           bank10       000000
__Lbank11                           bank11       000000
__Lbank12                           bank12       000000
__Lbank13                           bank13       000000
__Lbank14                           bank14       000000
__Lbank15                           bank15       000000
__Lbank2                            bank2        000000
__Lbank3                            bank3        000000
__Lbank4                            bank4        000000
__Lbank5                            bank5        000000
__Lbank6                            bank6        000000
__Lbank7                            bank7        000000
__Lbank8                            bank8        000000
__Lbank9                            bank9        000000
__Lbigbss                           bigbss       000000
__Lbigdata                          bigdata      000000
__Lbigram                           bigram       000000
__Lbigsfr                           bigsfr       000000
__Lbss                              bss          000000
__LbssCOMRAM                        bssCOMRAM    000000
__Lcinit                            cinit        000000
__Lclrtext                          clrtext      000000
__Lcomram                           comram       000000
__Lconfig                           config       000000
__Lconst                            const        000000
__LcstackCOMRAM                     cstackCOMRAM 000000
__Ldata                             data         000000
__LdataCOMRAM                       dataCOMRAM   000000
__Leeprom_data                      eeprom_data  000000
__Lfarbss                           farbss       000000
__Lfardata                          fardata      000000
__Lheap                             heap         000000
__Libigdata                         ibigdata     000000
__Lidata                            idata        000000
__LidataCOMRAM                      idataCOMRAM  000000
__Lidloc                            idloc        000000
__Lifardata                         ifardata     000000
__Linit                             init         000000
__Lintcode                          intcode      000000
__Lintcode_body                     intcode_body 000000
__Lintcodelo                        intcodelo    000000
__Lintentry                         intentry     000000
__Lintret                           intret       000000
__Lintsave_regs                     intsave_regs 000000
__Lirdata                           irdata       000000
__Lmediumconst                      mediumconst  000000
__LnvCOMRAM                         nvCOMRAM     000000
__LnvFARRAM                         nvFARRAM     000000
__Lnvbit                            nvbit        000000
__Lnvrram                           nvrram       000000
__Lparam                            rparam       000000
__Lpowerup                          powerup      000000
__Lram                              ram          000000
__Lramtop                           ramtop       001000
__Lrbit                             rbit         000000
__Lrbss                             rbss         000000
__Lrdata                            rdata        000000
__Lreset_vec                        reset_vec    000000
__Lrparam                           rparam       000000
__Lsfr                              sfr          000000
__Lsmallconst                       smallconst   000000
__Lspace_0                          (abs)        000000
__Lspace_1                          (abs)        000000
__Lspace_2                          (abs)        000000
__Lspace_4                          (abs)        000000
__Lstack                            stack        000000
__Lstruct                           struct       000000
__Ltemp                             temp         000000
__Ltext                             text         000000
__Ltext0                            text0        000000
__Ltext1                            text1        000000
__Ltext10                           text10       000000
__Ltext2                            text2        000000
__Ltext3                            text3        000000
__Ltext4                            text4        000000
__Ltext5                            text5        000000
__Ltext6                            text6        000000
__Ltext7                            text7        000000
__Ltext8                            text8        000000
__Ltext9                            text9        000000
__S0                                (abs)        010000
__S1                                (abs)        00004D
__S4                                (abs)        000000
__S5                                (abs)        000000
___heap_hi                          (abs)        000000
___heap_lo                          (abs)        000000
___inthi_sp                         stack        000000
___intlo_sp                         stack        000000
___param_bank                       (abs)        000000
___rparam_used                      (abs)        000001
___sp                               stack        000000
__accesstop                         (abs)        000080
__activetblptr                      (abs)        000002
__end_of__initialization            cinit        00F93C
__end_of_application_intialize      text5        00FA26
__end_of_button_init                text9        00F8E2
__end_of_gpio_pin_direction_init    text10       010000
__end_of_gpio_pin_init              text7        00F9AC
__end_of_gpio_pin_toggle_logic      text4        00FCB0
__end_of_gpio_pin_write_logic       text8        00FEBC
__end_of_led_TOG                    text3        00FB1E
__end_of_led_TURN_OFF               text2        00FB9E
__end_of_led_TURN_ON                text1        00FC1E
__end_of_led_init                   text6        00FAA2
__end_of_main                       text0        00FD90
__initialization                    cinit        00F910
__mediumconst                       mediumconst  000000
__pbssCOMRAM                        bssCOMRAM    000043
__pcinit                            cinit        00F910
__pcstackCOMRAM                     cstackCOMRAM 00002E
__pdataCOMRAM                       dataCOMRAM   000001
__pidataCOMRAM                      idataCOMRAM  00F8E3
__pnvCOMRAM                         nvCOMRAM     00004C
__ptext0                            text0        00FCB0
__ptext1                            text1        00FB9E
__ptext10                           text10       00FEBC
__ptext2                            text2        00FB1E
__ptext3                            text3        00FAA2
__ptext4                            text4        00FC1E
__ptext5                            text5        00F9AC
__ptext6                            text6        00FA26
__ptext7                            text7        00F946
__ptext8                            text8        00FD90
__ptext9                            text9        00F8B6
__ramtop                            ramtop       001000
__smallconst                        smallconst   000000
_application_intialize              text5        00F9AC
_btn1_active_high                   dataCOMRAM   000023
_btn1_active_low                    dataCOMRAM   000020
_button_init                        text9        00F8B6
_gpio_pin_direction_init            text10       00FEBC
_gpio_pin_init                      text7        00F946
_gpio_pin_toggle_logic              text4        00FC1E
_gpio_pin_write_logic               text8        00FD90
_led_01                             dataCOMRAM   00002D
_led_02                             dataCOMRAM   00002C
_led_03                             dataCOMRAM   00002B
_led_04                             dataCOMRAM   00002A
_led_05                             dataCOMRAM   000029
_led_06                             dataCOMRAM   000028
_led_07                             dataCOMRAM   000027
_led_08                             dataCOMRAM   000026
_led_TOG                            text3        00FAA2
_led_TURN_OFF                       text2        00FB1E
_led_TURN_ON                        text1        00FB9E
_led_init                           text6        00FA26
_main                               text0        00FCB0
_port_direction                     bssCOMRAM    000045
_port_logic                         bssCOMRAM    000044
_port_logic1                        bssCOMRAM    000043
_ret                                nvCOMRAM     00004C
_status1                            bssCOMRAM    000047
_status2                            bssCOMRAM    000046
button_init@btn                     cstackCOMRAM 000037
button_init@ret                     cstackCOMRAM 000039
end_of_initialization               cinit        00F93C
gpio_pin_direction_init@_pin_config cstackCOMRAM 00002E
gpio_pin_direction_init@ret         cstackCOMRAM 000036
gpio_pin_init@_pin_config           cstackCOMRAM 000038
gpio_pin_init@ret                   cstackCOMRAM 00003B
gpio_pin_toggle_logic@_pin_config   cstackCOMRAM 00002E
gpio_pin_write_logic@_pin_config    cstackCOMRAM 00002E
gpio_pin_write_logic@logic          cstackCOMRAM 000030
gpio_pin_write_logic@ret            cstackCOMRAM 000037
intlevel0                           text         000000
intlevel1                           text         000000
intlevel2                           text         000000
intlevel3                           text         000000
isa$std                             (abs)        000001
isa$xinst                           (abs)        000000
led_TOG@F2896                       bssCOMRAM    000048
led_TOG@led                         cstackCOMRAM 000035
led_TOG@pin_obj                     cstackCOMRAM 000039
led_TOG@ret                         cstackCOMRAM 000038
led_TURN_OFF@F2891                  bssCOMRAM    000049
led_TURN_OFF@led                    cstackCOMRAM 000038
led_TURN_OFF@pin_obj                cstackCOMRAM 00003C
led_TURN_OFF@ret                    cstackCOMRAM 00003B
led_TURN_ON@F2886                   bssCOMRAM    00004A
led_TURN_ON@led                     cstackCOMRAM 000038
led_TURN_ON@pin_obj                 cstackCOMRAM 00003C
led_TURN_ON@ret                     cstackCOMRAM 00003B
led_init@F2881                      bssCOMRAM    00004B
led_init@led                        cstackCOMRAM 00003C
led_init@pin_obj                    cstackCOMRAM 000040
led_init@ret                        cstackCOMRAM 00003F
stackhi                             (abs)        000000
stacklo                             (abs)        000000
start                               init         000000
start_initialization                cinit        00F910


MODULE INFORMATION

Module		Function		Class		Link	Load	Size
ECU/LED/ECU_LED.c
		_led_init      		CODE           	FA26	0000	124
		_led_TURN_OFF  		CODE           	FB1E	0000	128
		_led_TOG       		CODE           	FAA2	0000	124
		_led_TURN_ON   		CODE           	FB9E	0000	128

ECU/LED/ECU_LED.c estimated size: 504

MCAL/GPIO/GPIO.c
		_gpio_pin_write_logic		CODE           	FD90	0000	300
		_gpio_pin_direction_init		CODE           	FEBC	0000	324
		_gpio_pin_toggle_logic		CODE           	FC1E	0000	146
		_gpio_pin_init 		CODE           	F946	0000	102

MCAL/GPIO/GPIO.c estimated size: 872

ECU/BUTTON/ecu_button.c
		_button_init   		CODE           	F8B6	0000	44

ECU/BUTTON/ecu_button.c estimated size: 44

shared
		__initialization		CODE           	F910	0000	44

shared estimated size: 44

application.c
		_main          		CODE           	FCB0	0000	224
		_application_intialize		CODE           	F9AC	0000	122

application.c estimated size: 346

